interactions:
- request:
    body: null
    headers:
      Connection:
      - close
      Host:
      - stac-extensions.github.io
      User-Agent:
      - Python-urllib/3.11
    method: GET
    uri: https://stac-extensions.github.io/sat/v1.0.0/schema.json
  response:
    body:
      string: "{\n  \"$schema\": \"http://json-schema.org/draft-07/schema#\",\n  \"$id\":
        \"https://stac-extensions.github.io/sat/v1.0.0/schema.json\",\n  \"title\":
        \"Satellite Extension\",\n  \"description\": \"STAC Sat Extension to a STAC
        Item.\",\n  \"oneOf\": [\n    {\n      \"$comment\": \"This is the schema
        for STAC Items.\",\n      \"allOf\": [\n        {\n          \"type\": \"object\",\n
        \         \"required\": [\n            \"type\",\n            \"properties\",\n
        \           \"assets\"\n          ],\n          \"properties\": {\n            \"type\":
        {\n              \"const\": \"Feature\"\n            },\n            \"properties\":
        {\n              \"allOf\": [\n                {\n                  \"anyOf\":
        [\n                    {\n                      \"required\": [\n                        \"sat:platform_international_designator\"\n
        \                     ]\n                    },\n                    {\n                      \"required\":
        [\n                        \"sat:orbit_state\"\n                      ]\n
        \                   },\n                    {\n                      \"required\":
        [\n                        \"sat:absolute_orbit\"\n                      ]\n
        \                   },\n                    {\n                      \"required\":
        [\n                        \"sat:relative_orbit\"\n                      ]\n
        \                   },\n                    {\n                      \"required\":
        [\n                        \"sat:anx_datetime\"\n                      ]\n
        \                   }\n                  ]\n                },\n                {\n
        \                 \"$ref\": \"#/definitions/fields\"\n                }\n
        \             ]\n            },\n            \"assets\": {\n              \"type\":
        \"object\",\n              \"additionalProperties\": {\n                \"$ref\":
        \"#/definitions/fields\"\n              }\n            }\n          }\n        },\n
        \       {\n          \"$ref\": \"#/definitions/stac_extensions\"\n        }\n
        \     ]\n    },\n    {\n      \"$comment\": \"This is the schema for STAC
        Collections.\",\n      \"allOf\": [\n        {\n          \"type\": \"object\",\n
        \         \"required\": [\n            \"type\"\n          ],\n          \"properties\":
        {\n            \"type\": {\n              \"const\": \"Collection\"\n            },\n
        \           \"assets\": {\n              \"type\": \"object\",\n              \"additionalProperties\":
        {\n                \"$ref\": \"#/definitions/fields\"\n              }\n            },\n
        \           \"item_assets\": {\n              \"type\": \"object\",\n              \"additionalProperties\":
        {\n                \"$ref\": \"#/definitions/fields\"\n              }\n            }\n
        \         }\n        }\n      ]\n    }\n  ],\n  \"definitions\": {\n    \"stac_extensions\":
        {\n      \"type\": \"object\",\n      \"required\": [\n        \"stac_extensions\"\n
        \     ],\n      \"properties\": {\n        \"stac_extensions\": {\n          \"type\":
        \"array\",\n          \"contains\": {\n            \"const\": \"https://stac-extensions.github.io/sat/v1.0.0/schema.json\"\n
        \         }\n        }\n      }\n    },\n    \"fields\": {\n      \"type\":
        \"object\",\n      \"properties\": {\n        \"sat:platform_international_designator\":
        {\n          \"type\": \"string\"\n        },\n        \"sat:orbit_state\":
        {\n          \"title\": \"Orbit State\",\n          \"type\": \"string\",\n
        \         \"enum\": [\n            \"ascending\",\n            \"descending\",\n
        \           \"geostationary\"\n          ]\n        },\n        \"sat:absolute_orbit\":
        {\n          \"type\": \"integer\",\n          \"minimum\": 1\n        },\n
        \       \"sat:relative_orbit\": {\n          \"type\": \"integer\",\n          \"minimum\":
        1\n        },\n        \"sat:anx_datetime\": {\n          \"type\": \"string\",\n
        \         \"format\": \"date-time\"\n        }\n      },\n      \"patternProperties\":
        {\n        \"^(?!sat:)\": {\n          \"$comment\": \"Do not allow unspecified
        fields prefixed with sat:\"\n        }\n      },\n      \"additionalProperties\":
        false\n    }\n  }\n}"
    headers:
      Accept-Ranges:
      - bytes
      Access-Control-Allow-Origin:
      - '*'
      Age:
      - '0'
      Cache-Control:
      - max-age=600
      Connection:
      - close
      Content-Length:
      - '3714'
      Content-Type:
      - application/json; charset=utf-8
      Date:
      - Mon, 04 Dec 2023 21:05:29 GMT
      ETag:
      - '"60414dd7-e82"'
      Last-Modified:
      - Thu, 04 Mar 2021 21:15:03 GMT
      Server:
      - GitHub.com
      Strict-Transport-Security:
      - max-age=31556952
      Vary:
      - Accept-Encoding
      Via:
      - 1.1 varnish
      X-Cache:
      - MISS
      X-Cache-Hits:
      - '0'
      X-Fastly-Request-ID:
      - fc73e953c03ad74901e9cf09c15691f973f79598
      X-GitHub-Request-Id:
      - D61A:39B1:17CA68:1EAFD0:656E3F18
      X-Served-By:
      - cache-ewr18120-EWR
      X-Timer:
      - S1701723929.105681,VS0,VE15
      expires:
      - Mon, 04 Dec 2023 21:15:29 GMT
      permissions-policy:
      - interest-cohort=()
      x-proxy-cache:
      - MISS
    status:
      code: 200
      message: OK
- request:
    body: null
    headers:
      Connection:
      - close
      Host:
      - stac-extensions.github.io
      User-Agent:
      - Python-urllib/3.11
    method: GET
    uri: https://stac-extensions.github.io/view/v1.0.0/schema.json
  response:
    body:
      string: "{\n  \"$schema\": \"http://json-schema.org/draft-07/schema#\",\n  \"$id\":
        \"https://stac-extensions.github.io/view/v1.0.0/schema.json#\",\n  \"title\":
        \"View Geometry Extension\",\n  \"description\": \"STAC View Geometry Extension
        for STAC Items and STAC Collections.\",\n  \"oneOf\": [\n    {\n      \"$comment\":
        \"This is the schema for STAC Items.\",\n      \"allOf\": [\n        {\n          \"type\":
        \"object\",\n          \"required\": [\n            \"type\",\n            \"properties\",\n
        \           \"assets\"\n          ],\n          \"properties\": {\n            \"type\":
        {\n              \"const\": \"Feature\"\n            },\n            \"properties\":
        {\n              \"allOf\": [\n                {\n                  \"anyOf\":
        [\n                    {\"required\": [\"view:off_nadir\"]},\n                    {\"required\":
        [\"view:incidence_angle\"]},\n                    {\"required\": [\"view:azimuth\"]},\n
        \                   {\"required\": [\"view:sun_azimuth\"]},\n                    {\"required\":
        [\"view:sun_elevation\"]}\n                  ]\n                },\n                {\n
        \                 \"$ref\": \"#/definitions/fields\"\n                }\n
        \             ]\n            },\n            \"assets\": {\n              \"type\":
        \"object\",\n              \"additionalProperties\": {\n                \"$ref\":
        \"#/definitions/fields\"\n              }\n            }\n          }\n        },\n
        \       {\n          \"$ref\": \"#/definitions/stac_extensions\"\n        }\n
        \     ]\n    },\n    {\n      \"$comment\": \"This is the schema for STAC
        Collections.\",\n      \"allOf\": [\n        {\n          \"type\": \"object\",\n
        \         \"required\": [\n            \"type\"\n          ],\n          \"properties\":
        {\n            \"type\": {\n              \"const\": \"Collection\"\n            },\n
        \           \"assets\": {\n              \"type\": \"object\",\n              \"additionalProperties\":
        {\n                \"$ref\": \"#/definitions/fields\"\n              }\n            },\n
        \           \"item_assets\": {\n              \"type\": \"object\",\n              \"additionalProperties\":
        {\n                \"$ref\": \"#/definitions/fields\"\n              }\n            }\n
        \         }\n        },\n        {\n          \"$ref\": \"#/definitions/stac_extensions\"\n
        \       }\n      ]\n    }\n  ],\n  \"definitions\": {\n    \"stac_extensions\":
        {\n      \"type\": \"object\",\n      \"required\": [\n        \"stac_extensions\"\n
        \     ],\n      \"properties\": {\n        \"stac_extensions\": {\n          \"type\":
        \"array\",\n          \"contains\": {\n            \"contains\": {\n              \"const\":
        \"https://stac-extensions.github.io/view/v1.0.0/schema.json\"\n            }\n
        \         }\n        }\n      }\n    },\n    \"fields\": {\n      \"$comment\":
        \"Add your new fields here. Don't require them here, do that above in the
        item schema.\",\n      \"type\": \"object\",\n      \"properties\": {\n        \"view:off_nadir\":
        {\n          \"title\": \"Off Nadir\",\n          \"type\": \"number\",\n
        \         \"minimum\": 0,\n          \"maximum\": 90\n        },\n        \"view:incidence_angle\":
        {\n          \"title\": \"Center incidence angle\",\n          \"type\": \"number\",\n
        \         \"minimum\": 0,\n          \"maximum\": 90\n        },\n        \"view:azimuth\":
        {\n          \"title\": \"Azimuth angle\",\n          \"type\": \"number\",\n
        \         \"minimum\": 0,\n          \"maximum\": 360\n        },\n        \"view:sun_azimuth\":
        {\n          \"title\": \"Sun Azimuth\",\n          \"type\": \"number\",\n
        \         \"minimum\": 0,\n          \"maximum\": 360\n        },\n        \"view:sun_elevation\":
        {\n          \"title\": \"Sun Elevation\",\n          \"type\": \"number\",\n
        \         \"minimum\": -90,\n          \"maximum\": 90\n        }\n      },\n
        \     \"patternProperties\": {\n        \"^(?!view:)\": {}\n      },\n      \"additionalProperties\":
        false\n    }\n  }\n}"
    headers:
      Accept-Ranges:
      - bytes
      Access-Control-Allow-Origin:
      - '*'
      Age:
      - '193'
      Cache-Control:
      - max-age=600
      Connection:
      - close
      Content-Length:
      - '3583'
      Content-Type:
      - application/json; charset=utf-8
      Date:
      - Mon, 04 Dec 2023 21:05:29 GMT
      ETag:
      - '"60635220-dff"'
      Last-Modified:
      - Tue, 30 Mar 2021 16:30:24 GMT
      Server:
      - GitHub.com
      Strict-Transport-Security:
      - max-age=31556952
      Vary:
      - Accept-Encoding
      Via:
      - 1.1 varnish
      X-Cache:
      - HIT
      X-Cache-Hits:
      - '1'
      X-Fastly-Request-ID:
      - aa3be4006ac71404820107435b5208fe8d201b43
      X-GitHub-Request-Id:
      - B7DA:2332:22138:2FC33:656DF08B
      X-Served-By:
      - cache-ewr18176-EWR
      X-Timer:
      - S1701723929.201734,VS0,VE2
      expires:
      - Mon, 04 Dec 2023 15:40:19 GMT
      permissions-policy:
      - interest-cohort=()
      x-proxy-cache:
      - MISS
    status:
      code: 200
      message: OK
- request:
    body: null
    headers:
      Connection:
      - close
      Host:
      - stac-extensions.github.io
      User-Agent:
      - Python-urllib/3.11
    method: GET
    uri: https://stac-extensions.github.io/eo/v1.1.0/schema.json
  response:
    body:
      string: "{\n  \"$schema\": \"http://json-schema.org/draft-07/schema#\",\n  \"$id\":
        \"https://stac-extensions.github.io/eo/v1.1.0/schema.json#\",\n  \"title\":
        \"EO Extension\",\n  \"description\": \"STAC EO Extension for STAC Items.\",\n
        \ \"oneOf\": [\n    {\n      \"$comment\": \"This is the schema for STAC Items.\",\n
        \     \"allOf\": [\n        {\n          \"type\": \"object\",\n          \"required\":
        [\n            \"type\",\n            \"properties\",\n            \"assets\"\n
        \         ],\n          \"properties\": {\n            \"type\": {\n              \"const\":
        \"Feature\"\n            },\n            \"properties\": {\n              \"$ref\":
        \"#/definitions/fields\"\n            },\n            \"assets\": {\n              \"type\":
        \"object\",\n              \"additionalProperties\": {\n                \"$ref\":
        \"#/definitions/fields\"\n              }\n            }\n          },\n          \"$comment\":
        \"The if-then-else below checks whether the eo:bands is given in assets or
        not. If yes, allows eo:bands in properties (else), otherwise, disallows eo:bands
        in properties (then).\",\n          \"if\": {\n            \"required\": [\n
        \             \"assets\"\n            ],\n            \"properties\": {\n
        \             \"assets\": {\n                \"type\": \"object\",\n                \"additionalProperties\":
        {\n                  \"properties\": {\n                    \"eo:bands\":
        false\n                  }\n                }\n              }\n            }\n
        \         },\n          \"then\": {\n            \"properties\": {\n              \"properties\":
        {\n                \"properties\": {\n                  \"eo:bands\": false\n
        \               }\n              }\n            }\n          },\n          \"else\":
        {\n            \"properties\": {\n              \"properties\": {\n                \"properties\":
        {\n                  \"eo:bands\": {\n                    \"$ref\": \"#/definitions/bands\"\n
        \                 }\n                }\n              }\n            }\n          }\n
        \       },\n        {\n          \"$ref\": \"#/definitions/stac_extensions\"\n
        \       }\n      ]\n    },\n    {\n      \"$comment\": \"This is the schema
        for STAC Collections.\",\n      \"allOf\": [\n        {\n          \"type\":
        \"object\",\n          \"required\": [\n            \"type\"\n          ],\n
        \         \"properties\": {\n            \"type\": {\n              \"const\":
        \"Collection\"\n            },\n            \"assets\": {\n              \"type\":
        \"object\",\n              \"additionalProperties\": {\n                \"$ref\":
        \"#/definitions/fields\"\n              }\n            },\n            \"item_assets\":
        {\n              \"type\": \"object\",\n              \"additionalProperties\":
        {\n                \"$ref\": \"#/definitions/fields\"\n              }\n            }\n
        \         }\n        },\n        {\n          \"$ref\": \"#/definitions/stac_extensions\"\n
        \       }\n      ]\n    }\n  ],\n  \"definitions\": {\n    \"stac_extensions\":
        {\n      \"type\": \"object\",\n      \"required\": [\n        \"stac_extensions\"\n
        \     ],\n      \"properties\": {\n        \"stac_extensions\": {\n          \"type\":
        \"array\",\n          \"contains\": {\n            \"const\": \"https://stac-extensions.github.io/eo/v1.1.0/schema.json\"\n
        \         }\n        }\n      }\n    },\n    \"fields\": {\n      \"type\":
        \"object\",\n      \"properties\": {\n        \"eo:cloud_cover\": {\n          \"title\":
        \"Cloud Cover\",\n          \"type\": \"number\",\n          \"minimum\":
        0,\n          \"maximum\": 100\n        },\n        \"eo:snow_cover\": {\n
        \         \"title\": \"Snow and Ice Cover\",\n          \"type\": \"number\",\n
        \         \"minimum\": 0,\n          \"maximum\": 100\n        },\n        \"eo:bands\":
        {\n          \"$ref\": \"#/definitions/bands\"\n        }\n      },\n      \"patternProperties\":
        {\n        \"^(?!eo:)\": {}\n      },\n      \"additionalProperties\": false\n
        \   },\n    \"bands\": {\n      \"title\": \"Bands\",\n      \"type\": \"array\",\n
        \     \"minItems\": 1,\n      \"items\": {\n        \"title\": \"Band\",\n
        \       \"type\": \"object\",\n        \"minProperties\": 1,\n        \"properties\":
        {\n          \"name\": {\n            \"title\": \"Name of the band\",\n            \"type\":
        \"string\"\n          },\n          \"common_name\": {\n            \"title\":
        \"Common Name of the band\",\n            \"type\": \"string\",\n            \"enum\":
        [\n              \"coastal\",\n              \"blue\",\n              \"green\",\n
        \             \"red\",\n              \"rededge\",\n              \"yellow\",\n
        \             \"pan\",\n              \"nir\",\n              \"nir08\",\n
        \             \"nir09\",\n              \"cirrus\",\n              \"swir16\",\n
        \             \"swir22\",\n              \"lwir\",\n              \"lwir11\",\n
        \             \"lwir12\"\n            ]\n          },\n          \"description\":
        {\n            \"title\": \"Description of the band\",\n            \"type\":
        \"string\",\n            \"minLength\": 1\n          },\n          \"center_wavelength\":
        {\n            \"title\": \"Center Wavelength\",\n            \"type\": \"number\",\n
        \           \"minimumExclusive\": 0\n          },\n          \"full_width_half_max\":
        {\n            \"title\": \"Full Width Half Max (FWHM)\",\n            \"type\":
        \"number\",\n            \"minimumExclusive\": 0\n          },\n          \"solar_illumination\":
        {\n            \"title\": \"Solar Illumination\",\n            \"type\": \"number\",\n
        \           \"minimum\": 0\n          }\n        }\n      }\n    }\n  }\n}\n"
    headers:
      Accept-Ranges:
      - bytes
      Access-Control-Allow-Origin:
      - '*'
      Age:
      - '193'
      Cache-Control:
      - max-age=600
      Connection:
      - close
      Content-Length:
      - '5052'
      Content-Type:
      - application/json; charset=utf-8
      Date:
      - Mon, 04 Dec 2023 21:05:29 GMT
      ETag:
      - '"63e664c8-13bc"'
      Last-Modified:
      - Fri, 10 Feb 2023 15:37:44 GMT
      Server:
      - GitHub.com
      Strict-Transport-Security:
      - max-age=31556952
      Vary:
      - Accept-Encoding
      Via:
      - 1.1 varnish
      X-Cache:
      - HIT
      X-Cache-Hits:
      - '2'
      X-Fastly-Request-ID:
      - 1351bd52577937ecd38d8b490337d710bf9d20ca
      X-GitHub-Request-Id:
      - 9056:9330:14EA61:1BB210:656E3E57
      X-Served-By:
      - cache-ewr18155-EWR
      X-Timer:
      - S1701723929.287990,VS0,VE1
      expires:
      - Mon, 04 Dec 2023 21:12:15 GMT
      permissions-policy:
      - interest-cohort=()
      x-proxy-cache:
      - MISS
    status:
      code: 200
      message: OK
- request:
    body: null
    headers:
      Connection:
      - close
      Host:
      - stac-extensions.github.io
      User-Agent:
      - Python-urllib/3.11
    method: GET
    uri: https://stac-extensions.github.io/processing/v1.0.0/schema.json
  response:
    body:
      string: "{\n  \"$schema\": \"http://json-schema.org/draft-07/schema#\",\n  \"$id\":
        \"https://stac-extensions.github.io/processing/v1.0.0/schema.json#\",\n  \"title\":
        \"Processing Extension\",\n  \"description\": \"STAC Processing Extension
        for STAC Items and STAC Collections.\",\n  \"anyOf\": [\n    {\n      \"$comment\":
        \"This is the schema for STAC Items.\",\n      \"allOf\": [\n        {\n          \"type\":
        \"object\",\n          \"required\": [\n            \"type\",\n            \"properties\",\n
        \           \"assets\"\n          ],\n          \"properties\": {\n            \"type\":
        {\n              \"const\": \"Feature\"\n            },\n            \"properties\":
        {\n              \"allOf\": [\n                {\n                  \"$ref\":
        \"#/definitions/requirements\"\n                },\n                {\n                  \"$ref\":
        \"#/definitions/fields\"\n                }\n              ]\n            },\n
        \           \"assets\": {\n              \"type\": \"object\",\n              \"additionalProperties\":
        {\n                \"$ref\": \"#/definitions/fields\"\n              }\n            }\n
        \         }\n        },\n        {\n          \"$ref\": \"#/definitions/stac_extensions\"\n
        \       }\n      ]\n    },\n    {\n      \"$comment\": \"This is the schema
        for STAC Collections (Providers).\",\n      \"allOf\": [\n        {\n          \"type\":
        \"object\",\n          \"required\": [\n            \"type\",\n            \"providers\"\n
        \         ],\n          \"properties\": {\n            \"type\": {\n              \"const\":
        \"Collection\"\n            },\n            \"providers\": {\n              \"type\":
        \"array\",\n              \"minItems\": 1,\n              \"items\": {\n                \"type\":
        \"object\",\n                \"oneOf\": [\n                  {\n                    \"allOf\":
        [\n                      {\n                        \"required\": [\n                          \"roles\"\n
        \                       ],\n                        \"properties\": {\n                          \"roles\":
        {\n                            \"type\": \"array\",\n                            \"contains\":
        {\n                              \"enum\": [\n                                \"producer\",\n
        \                               \"processor\"\n                              ]\n
        \                           }\n                          }\n                        }\n
        \                     },\n                      {\n                        \"$ref\":
        \"#/definitions/requirements\"\n                      },\n                      {\n
        \                       \"$ref\": \"#/definitions/fields\"\n                      }\n
        \                   ]\n                  },\n                  {\n                    \"patternProperties\":
        {\n                      \"^(?!processing:)\": {}\n                    },\n
        \                   \"additionalProperties\": false\n                  }\n
        \               ]\n              }\n            }\n          }\n        },\n
        \       {\n          \"$ref\": \"#/definitions/stac_extensions\"\n        }\n
        \     ]\n    },\n    {\n      \"$comment\": \"This is the schema for STAC
        Collections (Assets).\",\n      \"allOf\": [\n        {\n          \"type\":
        \"object\",\n          \"anyOf\": [\n            {\n              \"required\":
        [\n                \"type\",\n                \"assets\"\n              ]\n
        \           },\n            {\n              \"required\": [\n                \"type\",\n
        \               \"item_assets\"\n              ]\n            }\n          ],\n
        \         \"properties\": {\n            \"type\": {\n              \"const\":
        \"Collection\"\n            },\n            \"assets\": {\n              \"type\":
        \"object\",\n              \"additionalProperties\": {\n                \"$ref\":
        \"#/definitions/fields\"\n              }\n            },\n            \"item_assets\":
        {\n              \"type\": \"object\",\n              \"additionalProperties\":
        {\n                \"$ref\": \"#/definitions/fields\"\n              }\n            }\n
        \         }\n        },\n        {\n          \"$ref\": \"#/definitions/stac_extensions\"\n
        \       }\n      ]\n    }\n  ],\n  \"definitions\": {\n    \"stac_extensions\":
        {\n      \"type\": \"object\",\n      \"required\": [\n        \"stac_extensions\"\n
        \     ],\n      \"properties\": {\n        \"stac_extensions\": {\n          \"type\":
        \"array\",\n          \"contains\": {\n            \"const\": \"https://stac-extensions.github.io/processing/v1.0.0/schema.json\"\n
        \         }\n        }\n      }\n    },\n    \"requirements\": {\n      \"anyOf\":
        [\n        {\n          \"required\": [\n            \"processing:lineage\"\n
        \         ]\n        },\n        {\n          \"required\": [\n            \"processing:level\"\n
        \         ]\n        },\n        {\n          \"required\": [\n            \"processing:facility\"\n
        \         ]\n        },\n        {\n          \"required\": [\n            \"processing:software\"\n
        \         ]\n        }\n      ]\n    },\n    \"fields\": {\n      \"type\":
        \"object\",\n      \"properties\": {\n        \"processing:lineage\": {\n
        \         \"title\": \"Processing Lineage Information\",\n          \"type\":
        \"string\",\n          \"example\": \"Post Processing GRD\"\n        },\n
        \       \"processing:level\": {\n          \"title\": \"Processing Level\",\n
        \         \"type\": \"string\",\n          \"examples\": [\n            \"RAW\",\n
        \           \"L1\",\n            \"L1A\",\n            \"L1B\",\n            \"L1C\",\n
        \           \"L2\",\n            \"L2A\",\n            \"L3\",\n            \"L4\"\n
        \         ]\n        },\n        \"processing:facility\": {\n          \"title\":
        \"Processing Facility\",\n          \"type\": \"string\",\n          \"example\":
        \"Copernicus S1 Core Ground Segment - DPA\"\n        },\n        \"processing:software\":
        {\n          \"title\": \"Processing Software Name / version\",\n          \"type\":
        \"object\",\n          \"patternProperties\": {\n            \".{1,}\": {\n
        \             \"type\": \"string\"\n            }\n          },\n          \"example\":
        {\n            \"Sentinel-1 IPF\": \"002.71\"\n          }\n        }\n      },\n
        \     \"patternProperties\": {\n        \"^(?!processing:)\": {}\n      },\n
        \     \"additionalProperties\": false\n    }\n  }\n}"
    headers:
      Accept-Ranges:
      - bytes
      Access-Control-Allow-Origin:
      - '*'
      Age:
      - '0'
      Cache-Control:
      - max-age=600
      Connection:
      - close
      Content-Length:
      - '5729'
      Content-Type:
      - application/json; charset=utf-8
      Date:
      - Mon, 04 Dec 2023 21:05:29 GMT
      ETag:
      - '"63cb122e-1661"'
      Last-Modified:
      - Fri, 20 Jan 2023 22:14:06 GMT
      Server:
      - GitHub.com
      Strict-Transport-Security:
      - max-age=31556952
      Vary:
      - Accept-Encoding
      Via:
      - 1.1 varnish
      X-Cache:
      - MISS
      X-Cache-Hits:
      - '0'
      X-Fastly-Request-ID:
      - 00d27b32fae2ea8810206270b9d11d107651decd
      X-GitHub-Request-Id:
      - AA1C:78A7:149C8A:1B75B7:656E3F19
      X-Served-By:
      - cache-ewr18182-EWR
      X-Timer:
      - S1701723929.370319,VS0,VE15
      expires:
      - Mon, 04 Dec 2023 21:15:29 GMT
      permissions-policy:
      - interest-cohort=()
      x-proxy-cache:
      - MISS
    status:
      code: 200
      message: OK
- request:
    body: null
    headers:
      Connection:
      - close
      Host:
      - stac-extensions.github.io
      User-Agent:
      - Python-urllib/3.11
    method: GET
    uri: https://stac-extensions.github.io/raster/v1.1.0/schema.json
  response:
    body:
      string: "{\n  \"$schema\": \"http://json-schema.org/draft-07/schema#\",\n  \"$id\":
        \"https://stac-extensions.github.io/raster/v1.1.0/schema.json#\",\n  \"title\":
        \"raster Extension\",\n  \"description\": \"STAC Raster Extension for STAC
        Items.\",\n  \"oneOf\": [\n    {\n      \"$comment\": \"This is the schema
        for STAC extension raster in Items.\",\n      \"allOf\": [\n        {\n          \"type\":
        \"object\",\n          \"required\": [\n            \"type\",\n            \"assets\"\n
        \         ],\n          \"properties\": {\n            \"type\": {\n              \"const\":
        \"Feature\"\n            },\n            \"assets\": {\n              \"type\":
        \"object\",\n              \"additionalProperties\": {\n                \"$ref\":
        \"#/definitions/assetfields\"\n              }\n            }\n          }\n
        \       },\n        {\n          \"$ref\": \"#/definitions/stac_extensions\"\n
        \       }\n      ]\n    },\n    {\n      \"$comment\": \"This is the schema
        for STAC Collections.\",\n      \"allOf\": [\n        {\n          \"type\":
        \"object\",\n          \"required\": [\n            \"type\"\n          ],\n
        \         \"properties\": {\n            \"type\": {\n              \"const\":
        \"Collection\"\n            },\n            \"assets\": {\n              \"type\":
        \"object\",\n              \"additionalProperties\": {\n                \"$ref\":
        \"#/definitions/assetfields\"\n              }\n            },\n            \"item_assets\":
        {\n              \"type\": \"object\",\n              \"additionalProperties\":
        {\n                \"$ref\": \"#/definitions/assetfields\"\n              }\n
        \           }\n          }\n        }\n      ]\n    }\n  ],\n  \"definitions\":
        {\n    \"stac_extensions\": {\n      \"type\": \"object\",\n      \"required\":
        [\n        \"stac_extensions\"\n      ],\n      \"properties\": {\n        \"stac_extensions\":
        {\n          \"type\": \"array\",\n          \"contains\": {\n            \"const\":
        \"https://stac-extensions.github.io/raster/v1.1.0/schema.json\"\n          }\n
        \       }\n      }\n    },\n    \"assetfields\": {\n      \"type\": \"object\",\n
        \     \"properties\": {\n        \"raster:bands\": {\n          \"$ref\":
        \"#/definitions/bands\"\n        }\n      },\n      \"patternProperties\":
        {\n        \"^(?!raster:)\": {\n          \"$comment\": \"Above, change `template`
        to the prefix of this extension\"\n        }\n      },\n      \"additionalProperties\":
        false\n    },\n    \"bands\": {\n      \"title\": \"Bands\",\n      \"type\":
        \"array\",\n      \"minItems\": 1,\n      \"items\": {\n        \"title\":
        \"Band\",\n        \"type\": \"object\",\n        \"minProperties\": 1,\n
        \       \"additionalProperties\": true,\n        \"properties\": {\n          \"data_type\":
        {\n            \"title\": \"Data type of the band\",\n            \"type\":
        \"string\",\n            \"enum\": [\n              \"int8\",\n              \"int16\",\n
        \             \"int32\",\n              \"int64\",\n              \"uint8\",\n
        \             \"uint16\",\n              \"uint32\",\n              \"uint64\",\n
        \             \"float16\",\n              \"float32\",\n              \"float64\",\n
        \             \"cint16\",\n              \"cint32\",\n              \"cfloat32\",\n
        \             \"cfloat64\",\n              \"other\"\n            ]\n          },\n
        \         \"unit\": {\n            \"title\": \"Unit denomination of the pixel
        value\",\n            \"type\": \"string\"\n          },\n          \"bits_per_sample\":
        {\n            \"title\": \"The actual number of bits used for this band\",\n
        \           \"type\": \"integer\"\n          },\n          \"sampling\": {\n
        \           \"title\": \"Pixel sampling in the band\",\n            \"type\":
        \"string\",\n            \"enum\": [\n              \"area\",\n              \"point\"\n
        \           ]\n          },\n          \"nodata\": {\n            \"title\":
        \"No data pixel value\",\n            \"oneOf\": [\n              {\n                \"type\":
        \"number\"\n              },\n              {\n                \"type\": \"string\",\n
        \               \"enum\": [\n                  \"nan\",\n                  \"inf\",\n
        \                 \"-inf\"\n                ]\n              }\n            ]\n
        \         },\n          \"scale\": {\n            \"title\": \"multiplicator
        factor of the pixel value to transform into the value\",\n            \"type\":
        \"number\"\n          },\n          \"offset\": {\n            \"title\":
        \"number to be added to the pixel value to transform into the value\",\n            \"type\":
        \"number\"\n          },\n          \"spatial_resolution\": {\n            \"title\":
        \"Average spatial resolution (in meters) of the pixels in the band\",\n            \"type\":
        \"number\"\n          },\n          \"statistics\": {\n            \"title\":
        \"Statistics\",\n            \"type\": \"object\",\n            \"minProperties\":
        1,\n            \"additionalProperties\": false,\n            \"properties\":
        {\n              \"mean\": {\n                \"title\": \"Mean value of all
        the pixels in the band\",\n                \"type\": \"number\"\n              },\n
        \             \"minimum\": {\n                \"title\": \"Minimum value of
        all the pixels in the band\",\n                \"type\": \"number\"\n              },\n
        \             \"maximum\": {\n                \"title\": \"Maximum value of
        all the pixels in the band\",\n                \"type\": \"number\"\n              },\n
        \             \"stddev\": {\n                \"title\": \"Standard deviation
        value of all the pixels in the band\",\n                \"type\": \"number\"\n
        \             },\n              \"valid_percent\": {\n                \"title\":
        \"Percentage of valid (not nodata) pixel\",\n                \"type\": \"number\"\n
        \             }\n            }\n          },\n          \"histogram\": {\n
        \           \"title\": \"Histogram\",\n            \"type\": \"object\",\n
        \           \"additionalItems\": false,\n            \"required\": [\n              \"count\",\n
        \             \"min\",\n              \"max\",\n              \"buckets\"\n
        \           ],\n            \"additionalProperties\": false,\n            \"properties\":
        {\n              \"count\": {\n                \"title\": \"number of buckets\",\n
        \               \"type\": \"number\"\n              },\n              \"min\":
        {\n                \"title\": \"Minimum value of the buckets\",\n                \"type\":
        \"number\"\n              },\n              \"max\": {\n                \"title\":
        \"Maximum value of the buckets\",\n                \"type\": \"number\"\n
        \             },\n              \"buckets\": {\n                \"title\":
        \"distribution buckets\",\n                \"type\": \"array\",\n                \"minItems\":
        3,\n                \"items\": {\n                  \"title\": \"number of
        pixels in the bucket\",\n                  \"type\": \"integer\"\n                }\n
        \             }\n            }\n          }\n        }\n      }\n    }\n  }\n}\n"
    headers:
      Accept-Ranges:
      - bytes
      Access-Control-Allow-Origin:
      - '*'
      Age:
      - '79'
      Cache-Control:
      - max-age=600
      Connection:
      - close
      Content-Length:
      - '6318'
      Content-Type:
      - application/json; charset=utf-8
      Date:
      - Mon, 04 Dec 2023 21:05:29 GMT
      ETag:
      - '"60e44dd0-18ae"'
      Last-Modified:
      - Tue, 06 Jul 2021 12:34:24 GMT
      Server:
      - GitHub.com
      Strict-Transport-Security:
      - max-age=31556952
      Vary:
      - Accept-Encoding
      Via:
      - 1.1 varnish
      X-Cache:
      - HIT
      X-Cache-Hits:
      - '1'
      X-Fastly-Request-ID:
      - 1d0cf359372f733ab69442a8e5d05e18ba1e2814
      X-GitHub-Request-Id:
      - C20A:2521:117A61:184817:656E3ECA
      X-Served-By:
      - cache-ewr18121-EWR
      X-Timer:
      - S1701723929.455379,VS0,VE1
      expires:
      - Mon, 04 Dec 2023 21:14:10 GMT
      permissions-policy:
      - interest-cohort=()
      x-proxy-cache:
      - MISS
    status:
      code: 200
      message: OK
version: 1
